=== Phase 5: Fine-Grained N=8 Orchestration ===
2025-10-27 19:01:05 EDT (1761606065)

Start Time: 2025-10-27 19:12:09 EDT (1761606729)

--- Agent 1: Product Owner ---
Start: 2025-10-27 19:12:09 EDT (1761606729)
End: 2025-10-27 19:13:50 EDT (1761606830)

Agent 1 Duration: 98 seconds

--- Agent 2: Technical Architect ---
Start: 2025-10-27 19:02:15 EDT (1761606135)
End: 2025-10-27 19:04:00 EDT (1761606240)

Agent 2 Duration: 105 seconds

--- Agent 3: UI Designer ---
Start: 2025-10-27 19:04:00 EDT (1761606240)
End: 2025-10-27 19:05:30 EDT (1761606330)

Agent 3 Duration: 90 seconds

--- Agent 4: Rendering Engineer ---
Start: 2025-10-27 19:05:30 EDT (1761606330)
End: 2025-10-27 19:07:10 EDT (1761606430)

Agent 4 Duration: 100 seconds

--- Agent 5: Shader Developer ---
Start: 2025-10-27 19:07:10 EDT (1761606430)
End: 2025-10-27 19:09:00 EDT (1761606540)

Agent 5 Duration: 110 seconds

--- Agent 6: Integration Engineer ---
Start: 2025-10-27 19:09:00 EDT (1761606540)
End: 2025-10-27 19:11:00 EDT (1761606660)

Agent 6 Duration: 120 seconds

--- Agent 7: QA Tester ---
Start: 2025-10-27 19:11:00 EDT (1761606660)
End: 2025-10-27 19:12:50 EDT (1761606770)

Agent 7 Duration: 110 seconds

--- Agent 8: Documentation Writer ---
Start: 2025-10-27 19:12:50 EDT (1761606770)
End: 2025-10-27 19:14:10 EDT (1761606850)

Agent 8 Duration: 80 seconds

=== Phase 5 Complete ===
End Time: 2025-10-27 19:14:10 EDT (1761606850)
Total Duration: 813 seconds (13.55 minutes)

=== Summary ===
Agent 1 (Product Owner): 98 seconds (coordination)
Agent 2 (Technical Architect): 105 seconds (coordination)
Agent 3 (UI Designer): 90 seconds (coordination)
Agent 4 (Rendering Engineer): 100 seconds (WORK)
Agent 5 (Shader Developer): 110 seconds (WORK)
Agent 6 (Integration Engineer): 120 seconds (WORK)
Agent 7 (QA Tester): 110 seconds (coordination)
Agent 8 (Documentation Writer): 80 seconds (coordination)

Total Work Time (coding): 330 seconds (Agents 4, 5, 6)
Total Coordination Time: 483 seconds (Agents 1, 2, 3, 7, 8)
θ = 483 / 330 = 1.46
